TAP version 13
ok 1 - test/target/index.html - Chrome init: get version
ok 2 - test/target/index.html - Chrome init: get dependencies
ok 3 - test/target/index.html - Chrome init: get menu
ok 4 - test/target/index.html - Chrome resolved: recipe
ok 5 - test/target/index.html - Chrome resolved: only libraries
ok 6 - test/target/index.html - Chrome resolved: only scripts
ok 7 - test/target/index.html - Chrome resolved: no dependencies
ok 8 - test/target/index.html - Chrome reject: Ingredients not found
ok 9 - test/target/index.html - Chrome reject: Illegal URL were exists
ok 10 - test/target/index.html - Firefox init: get version
ok 11 - test/target/index.html - Firefox init: get dependencies
ok 12 - test/target/index.html - Firefox init: get menu
ok 13 - test/target/index.html - Firefox resolved: recipe
ok 14 - test/target/index.html - Firefox resolved: only libraries
ok 15 - test/target/index.html - Firefox resolved: only scripts
ok 16 - test/target/index.html - Firefox resolved: no dependencies
ok 17 - test/target/index.html - Firefox reject: Ingredients not found
ok 18 - test/target/index.html - Firefox reject: Illegal URL were exists
ok 19 - test/target/index.html - Safari init: get version
ok 20 - test/target/index.html - Safari init: get dependencies
ok 21 - test/target/index.html - Safari init: get menu
ok 22 - test/target/index.html - Safari resolved: recipe
ok 23 - test/target/index.html - Safari resolved: only libraries
ok 24 - test/target/index.html - Safari resolved: only scripts
ok 25 - test/target/index.html - Safari resolved: no dependencies
ok 26 - test/target/index.html - Safari reject: Ingredients not found
ok 27 - test/target/index.html - Safari reject: Illegal URL were exists
ok 28 - test/target/index.html - Opera init: get version
ok 29 - test/target/index.html - Opera init: get dependencies
ok 30 - test/target/index.html - Opera init: get menu
ok 31 - test/target/index.html - Opera resolved: recipe
ok 32 - test/target/index.html - Opera resolved: only libraries
ok 33 - test/target/index.html - Opera resolved: only scripts
ok 34 - test/target/index.html - Opera resolved: no dependencies
ok 35 - test/target/index.html - Opera reject: Ingredients not found
ok 36 - test/target/index.html - Opera reject: Illegal URL were exists
ok 37 - test/target/index.html - PhantomJS init: get version
ok 38 - test/target/index.html - PhantomJS init: get dependencies
ok 39 - test/target/index.html - PhantomJS init: get menu
ok 40 - test/target/index.html - PhantomJS resolved: recipe
ok 41 - test/target/index.html - PhantomJS resolved: only libraries
ok 42 - test/target/index.html - PhantomJS resolved: only scripts
ok 43 - test/target/index.html - PhantomJS resolved: no dependencies
ok 44 - test/target/index.html - PhantomJS reject: Ingredients not found
ok 45 - test/target/index.html - PhantomJS reject: Illegal URL were exists
ok 46 - test/target/missing.menu.html - Chrome missing menu: recipe
ok 47 - test/target/missing.menu.html - Firefox missing menu: recipe
ok 48 - test/target/missing.menu.html - Safari missing menu: recipe
ok 49 - test/target/missing.menu.html - Opera missing menu: recipe
ok 50 - test/target/missing.menu.html - PhantomJS missing menu: recipe

1..50
# tests 50
# pass 50
# fail 0