ok 1 - test/target/index.html -  Chrome 28.0 - init: get version
ok 2 - test/target/index.html -  Chrome 28.0 - init: get dependencies
ok 3 - test/target/index.html -  Chrome 28.0 - init: get menu
ok 4 - test/target/index.html -  Chrome 28.0 - resolved: recipe
ok 5 - test/target/index.html -  Chrome 28.0 - resolved: only libraries
ok 6 - test/target/index.html -  Chrome 28.0 - resolved: only scripts
ok 7 - test/target/index.html -  Chrome 28.0 - resolved: no dependencies
ok 8 - test/target/index.html -  Chrome 28.0 - reject: Ingredients not found
ok 9 - test/target/index.html -  Chrome 28.0 - reject: Illegal URL were exists
ok 10 - test/target/index.html -  Chrome 30.0 - init: get version
ok 11 - test/target/index.html -  Chrome 30.0 - init: get dependencies
ok 12 - test/target/index.html -  Chrome 30.0 - init: get menu
ok 13 - test/target/index.html -  Chrome 30.0 - resolved: recipe
ok 14 - test/target/index.html -  Chrome 30.0 - resolved: only libraries
ok 15 - test/target/index.html -  Chrome 30.0 - resolved: only scripts
ok 16 - test/target/index.html -  Chrome 30.0 - resolved: no dependencies
ok 17 - test/target/index.html -  Chrome 30.0 - reject: Ingredients not found
ok 18 - test/target/index.html -  Chrome 30.0 - reject: Illegal URL were exists
ok 19 - test/target/index.html -  Firefox 22.0 - init: get version
ok 20 - test/target/index.html -  Firefox 22.0 - init: get dependencies
ok 21 - test/target/index.html -  Firefox 22.0 - init: get menu
ok 22 - test/target/index.html -  Firefox 22.0 - resolved: recipe
ok 23 - test/target/index.html -  Firefox 22.0 - resolved: only libraries
ok 24 - test/target/index.html -  Firefox 22.0 - resolved: only scripts
ok 25 - test/target/index.html -  Firefox 22.0 - resolved: no dependencies
ok 26 - test/target/index.html -  Firefox 22.0 - reject: Ingredients not found
ok 27 - test/target/index.html -  Firefox 22.0 - reject: Illegal URL were exists
ok 28 - test/target/index.html -  Safari 6.0 - init: get version
ok 29 - test/target/index.html -  Safari 6.0 - init: get dependencies
ok 30 - test/target/index.html -  Safari 6.0 - init: get menu
ok 31 - test/target/index.html -  Safari 6.0 - resolved: recipe
ok 32 - test/target/index.html -  Safari 6.0 - resolved: only libraries
ok 33 - test/target/index.html -  Safari 6.0 - resolved: only scripts
ok 34 - test/target/index.html -  Safari 6.0 - resolved: no dependencies
ok 35 - test/target/index.html -  Safari 6.0 - reject: Ingredients not found
ok 36 - test/target/index.html -  Safari 6.0 - reject: Illegal URL were exists
ok 37 - test/target/index.html -  Opera 12.00 - init: get version
ok 38 - test/target/index.html -  Opera 12.00 - init: get dependencies
ok 39 - test/target/index.html -  Opera 12.00 - init: get menu
ok 40 - test/target/index.html -  Opera 12.00 - resolved: recipe
ok 41 - test/target/index.html -  Opera 12.00 - resolved: only libraries
ok 42 - test/target/index.html -  Opera 12.00 - resolved: only scripts
ok 43 - test/target/index.html -  Opera 12.00 - resolved: no dependencies
ok 44 - test/target/index.html -  Opera 12.00 - reject: Ingredients not found
ok 45 - test/target/index.html -  Opera 12.00 - reject: Illegal URL were exists
ok 46 - test/target/index.html -  PhantomJS 1.9 - init: get version
ok 47 - test/target/index.html -  PhantomJS 1.9 - init: get dependencies
ok 48 - test/target/index.html -  PhantomJS 1.9 - init: get menu
ok 49 - test/target/index.html -  PhantomJS 1.9 - resolved: recipe
ok 50 - test/target/index.html -  PhantomJS 1.9 - resolved: only libraries
ok 51 - test/target/index.html -  PhantomJS 1.9 - resolved: only scripts
ok 52 - test/target/index.html -  PhantomJS 1.9 - resolved: no dependencies
ok 53 - test/target/index.html -  PhantomJS 1.9 - reject: Ingredients not found
ok 54 - test/target/index.html -  PhantomJS 1.9 - reject: Illegal URL were exists
ok 55 - test/target/missing.menu.html -  Chrome 28.0 - missing menu: recipe
ok 56 - test/target/missing.menu.html -  Chrome 30.0 - missing menu: recipe
ok 57 - test/target/missing.menu.html -  Firefox 22.0 - missing menu: recipe
ok 58 - test/target/missing.menu.html -  Safari 6.0 - missing menu: recipe
ok 59 - test/target/missing.menu.html -  Opera 12.00 - missing menu: recipe
ok 60 - test/target/missing.menu.html -  PhantomJS 1.9 - missing menu: recipe

1..60
# tests 60
# pass 60
# fail 0