# Using testem 0.6.2
# Whole lists of tests
ok PhantomJS 1.9 - init: get AMD dependencies
ok PhantomJS 1.9 - resolved: AMD loading
ok PhantomJS 1.9 - resolved: only libraries
ok PhantomJS 1.9 - resolved: only scripts
ok PhantomJS 1.9 - resolved: exports options
ok PhantomJS 1.9 - resolved: no dependencies
ok PhantomJS 1.9 - reject: Ingredients not found
ok PhantomJS 1.9 - reject: Illegal URL were exists
ok PhantomJS 1.9 - common tests: get version
ok PhantomJS 1.9 - common tests: get menu
ok PhantomJS 1.9 - init: get AMD dependencies
ok PhantomJS 1.9 - resolved: AMD loading
ok PhantomJS 1.9 - resolved: only libraries
ok PhantomJS 1.9 - resolved: only scripts
ok PhantomJS 1.9 - resolved: exports options
ok PhantomJS 1.9 - resolved: no dependencies
ok PhantomJS 1.9 - reject: Ingredients not found
ok PhantomJS 1.9 - reject: Illegal URL were exists
ok PhantomJS 1.9 - reject: jQuery Loading
ok PhantomJS 1.9 - reject: jQuery with other library Loading
ok PhantomJS 1.9 - common tests: get version
ok PhantomJS 1.9 - common tests: get menu
ok PhantomJS 1.9 - init: get dependencies
ok PhantomJS 1.9 - resolved: recipe
ok PhantomJS 1.9 - resolved: only libraries
ok PhantomJS 1.9 - resolved: only scripts
ok PhantomJS 1.9 - resolved: no dependencies
ok PhantomJS 1.9 - reject: Ingredients not found
ok PhantomJS 1.9 - reject: Illegal URL were exists
ok PhantomJS 1.9 - missing menu: recipe
ok PhantomJS 1.9 - common tests: get version
ok PhantomJS 1.9 - common tests: get menu
ok PhantomJS 1.9 - init: get AMD dependencies
ok PhantomJS 1.9 - resolved: AMD loading
ok PhantomJS 1.9 - resolved: only libraries
ok PhantomJS 1.9 - resolved: only scripts
ok PhantomJS 1.9 - resolved: exports options
ok PhantomJS 1.9 - resolved: no dependencies
ok PhantomJS 1.9 - reject: Ingredients not found
ok PhantomJS 1.9 - reject: Illegal URL were exists
ok PhantomJS 1.9 - common tests: get version
ok PhantomJS 1.9 - common tests: get menu
ok PhantomJS 1.9 - init: get AMD dependencies
ok PhantomJS 1.9 - resolved: AMD loading
ok PhantomJS 1.9 - resolved: only libraries
ok PhantomJS 1.9 - resolved: only scripts
ok PhantomJS 1.9 - resolved: exports options
ok PhantomJS 1.9 - resolved: no dependencies
ok PhantomJS 1.9 - reject: Ingredients not found
ok PhantomJS 1.9 - reject: Illegal URL were exists

1..50
# tests 50
# pass 50
# fail 0